2026-06-08 17:17:52.083 [main] INFO  com.money.ExchangeApplication - Starting ExchangeApplication using Java 21.0.6 with PID 13420 (C:\Spring\exchange\build\classes\java\main started by perud in C:\Spring\exchange)
2026-06-08 17:17:52.094 [main] INFO  com.money.ExchangeApplication - No active profile set, falling back to 1 default profile: "default"
2026-06-08 17:17:53.175 [main] INFO  o.s.d.r.c.RepositoryConfigurationDelegate - Bootstrapping Spring Data JPA repositories in DEFAULT mode.
2026-06-08 17:17:53.281 [main] INFO  o.s.d.r.c.RepositoryConfigurationDelegate - Finished Spring Data repository scanning in 96 ms. Found 11 JPA repository interfaces.
2026-06-08 17:17:53.895 [main] INFO  o.s.boot.tomcat.TomcatWebServer - Tomcat initialized with port 8080 (http)
2026-06-08 17:17:53.914 [main] INFO  o.a.coyote.http11.Http11NioProtocol - Initializing ProtocolHandler ["http-nio-8080"]
2026-06-08 17:17:53.916 [main] INFO  o.a.catalina.core.StandardService - Starting service [Tomcat]
2026-06-08 17:17:53.916 [main] INFO  o.a.catalina.core.StandardEngine - Starting Servlet engine: [Apache Tomcat/11.0.15]
2026-06-08 17:17:53.994 [main] INFO  o.s.b.w.c.s.WebApplicationContextInitializer - Root WebApplicationContext: initialization completed in 1828 ms
2026-06-08 17:17:54.281 [main] INFO  org.hibernate.orm.jpa - HHH008540: Processing PersistenceUnitInfo [name: default]
2026-06-08 17:17:54.364 [main] INFO  org.hibernate.orm.core - HHH000001: Hibernate ORM core version 7.2.1.Final
2026-06-08 17:17:55.143 [main] INFO  o.s.o.j.p.SpringPersistenceUnitInfo - No LoadTimeWeaver setup: ignoring JPA class transformer
2026-06-08 17:17:55.184 [main] INFO  com.zaxxer.hikari.HikariDataSource - HikariPool-1 - Starting...
2026-06-08 17:17:55.313 [main] INFO  com.zaxxer.hikari.pool.HikariPool - HikariPool-1 - Added connection org.mariadb.jdbc.Connection@59a5bb61
2026-06-08 17:17:55.314 [main] INFO  com.zaxxer.hikari.HikariDataSource - HikariPool-1 - Start completed.
2026-06-08 17:17:55.374 [main] INFO  o.hibernate.orm.connections.pooling - HHH10001005: Database info:
	Database JDBC URL [jdbc:mariadb://localhost/exchange?user=perudeim&password=***]
	Database driver: MariaDB Connector/J
	Database dialect: MariaDBDialect
	Database version: 11.7.2
	Default catalog/schema: exchange/undefined
	Autocommit mode: undefined/unknown
	Isolation level: REPEATABLE_READ [default REPEATABLE_READ]
	JDBC fetch size: none
	Pool: DataSourceConnectionProvider
	Minimum pool size: undefined/unknown
	Maximum pool size: undefined/unknown
2026-06-08 17:17:56.610 [main] INFO  org.hibernate.orm.core - HHH000489: No JTA platform available (set 'hibernate.transaction.jta.platform' to enable JTA platform integration)
2026-06-08 17:17:56.612 [main] INFO  org.hibernate.orm.jdbc.batch - HHH100501: Automatic JDBC statement batching enabled (maximum batch size 1000)
2026-06-08 17:17:56.911 [main] INFO  o.s.o.j.LocalContainerEntityManagerFactoryBean - Initialized JPA EntityManagerFactory for persistence unit 'default'
2026-06-08 17:17:57.057 [main] INFO  o.s.d.j.r.q.QueryEnhancerFactories - Hibernate is in classpath; If applicable, HQL parser will be used.
2026-06-08 17:17:58.106 [main] INFO  c.m.e.scheduler.RateHistoryScheduler - 서버 시작 시 최근 환율 데이터 저장 시작
2026-06-08 17:17:58.978 [main] INFO  c.m.e.s.RateHistoryImportService - 환율 데이터 수집 완료. currencyCode=USD, days=7
2026-06-08 17:17:59.203 [main] INFO  c.m.e.s.RateHistoryImportService - 환율 데이터 수집 완료. currencyCode=JPY, days=7
2026-06-08 17:17:59.381 [main] INFO  c.m.e.s.RateHistoryImportService - 환율 데이터 수집 완료. currencyCode=EUR, days=7
2026-06-08 17:17:59.584 [main] INFO  c.m.e.s.RateHistoryImportService - 환율 데이터 수집 완료. currencyCode=CNY, days=7
2026-06-08 17:17:59.715 [main] INFO  c.m.e.s.RateHistoryImportService - 환율 데이터 수집 완료. currencyCode=GBP, days=7
2026-06-08 17:17:59.845 [main] INFO  c.m.e.s.RateHistoryImportService - 환율 데이터 수집 완료. currencyCode=AUD, days=7
2026-06-08 17:17:59.992 [main] INFO  c.m.e.s.RateHistoryImportService - 환율 데이터 수집 완료. currencyCode=CAD, days=7
2026-06-08 17:18:00.145 [main] INFO  c.m.e.s.RateHistoryImportService - 환율 데이터 수집 완료. currencyCode=CHF, days=7
2026-06-08 17:18:00.315 [main] INFO  c.m.e.s.RateHistoryImportService - 환율 데이터 수집 완료. currencyCode=HKD, days=7
2026-06-08 17:18:00.446 [main] INFO  c.m.e.s.RateHistoryImportService - 환율 데이터 수집 완료. currencyCode=SGD, days=7
2026-06-08 17:18:00.568 [main] INFO  c.m.e.s.RateHistoryImportService - 환율 데이터 수집 완료. currencyCode=THB, days=7
2026-06-08 17:18:00.691 [main] INFO  c.m.e.s.RateHistoryImportService - 환율 데이터 수집 완료. currencyCode=MYR, days=7
2026-06-08 17:18:00.846 [main] INFO  c.m.e.s.RateHistoryImportService - 환율 데이터 수집 완료. currencyCode=IDR, days=7
2026-06-08 17:18:00.974 [main] INFO  c.m.e.s.RateHistoryImportService - 환율 데이터 수집 완료. currencyCode=PHP, days=7
2026-06-08 17:18:01.166 [main] INFO  c.m.e.s.RateHistoryImportService - 환율 데이터 수집 완료. currencyCode=VND, days=7
2026-06-08 17:18:01.413 [main] INFO  c.m.e.s.RateHistoryImportService - 환율 데이터 수집 완료. currencyCode=TWD, days=7
2026-06-08 17:18:01.565 [main] INFO  c.m.e.s.RateHistoryImportService - 환율 데이터 수집 완료. currencyCode=NZD, days=7
2026-06-08 17:18:01.802 [main] INFO  c.m.e.s.RateHistoryImportService - 환율 데이터 수집 완료. currencyCode=SEK, days=7
2026-06-08 17:18:02.011 [main] INFO  c.m.e.s.RateHistoryImportService - 환율 데이터 수집 완료. currencyCode=NOK, days=7
2026-06-08 17:18:02.154 [main] INFO  c.m.e.s.RateHistoryImportService - 환율 데이터 수집 완료. currencyCode=DKK, days=7
2026-06-08 17:18:02.282 [main] INFO  c.m.e.s.RateHistoryImportService - 환율 데이터 수집 완료. currencyCode=AED, days=7
2026-06-08 17:18:02.412 [main] INFO  c.m.e.s.RateHistoryImportService - 환율 데이터 수집 완료. currencyCode=SAR, days=7
2026-06-08 17:18:02.582 [main] INFO  c.m.e.s.RateHistoryImportService - 환율 데이터 수집 완료. currencyCode=KWD, days=7
2026-06-08 17:18:02.723 [main] INFO  c.m.e.s.RateHistoryImportService - 환율 데이터 수집 완료. currencyCode=BHD, days=7
2026-06-08 17:18:02.723 [main] INFO  c.m.e.s.RateHistoryImportService - 최근 환율 데이터 수집 종료. days=7
2026-06-08 17:18:02.727 [main] INFO  c.m.e.scheduler.RateHistoryScheduler - 서버 시작 시 최근 환율 데이터 저장 완료
2026-06-08 17:18:03.361 [main] WARN  o.s.b.j.a.JpaBaseConfiguration$JpaWebConfiguration - spring.jpa.open-in-view is enabled by default. Therefore, database queries may be performed during view rendering. Explicitly configure spring.jpa.open-in-view to disable this warning
2026-06-08 17:18:03.823 [main] INFO  o.a.coyote.http11.Http11NioProtocol - Starting ProtocolHandler ["http-nio-8080"]
2026-06-08 17:18:03.854 [main] INFO  o.s.boot.tomcat.TomcatWebServer - Tomcat started on port 8080 (http) with context path '/'
2026-06-08 17:18:03.867 [main] INFO  com.money.ExchangeApplication - Started ExchangeApplication in 12.526 seconds (process running for 12.979)
2026-06-08 17:18:29.207 [http-nio-8080-exec-2] INFO  o.a.c.c.C.[Tomcat].[localhost].[/] - Initializing Spring DispatcherServlet 'dispatcherServlet'
2026-06-08 17:18:29.207 [http-nio-8080-exec-2] INFO  o.s.web.servlet.DispatcherServlet - Initializing Servlet 'dispatcherServlet'
2026-06-08 17:18:29.211 [http-nio-8080-exec-2] INFO  o.s.web.servlet.DispatcherServlet - Completed initialization in 4 ms
2026-06-08 17:25:59.621 [main] INFO  com.money.ExchangeApplication - Starting ExchangeApplication using Java 21.0.6 with PID 32568 (C:\Spring\exchange\build\classes\java\main started by perud in C:\Spring\exchange)
2026-06-08 17:25:59.625 [main] INFO  com.money.ExchangeApplication - No active profile set, falling back to 1 default profile: "default"
2026-06-08 17:26:00.577 [main] INFO  o.s.d.r.c.RepositoryConfigurationDelegate - Bootstrapping Spring Data JPA repositories in DEFAULT mode.
2026-06-08 17:26:00.689 [main] INFO  o.s.d.r.c.RepositoryConfigurationDelegate - Finished Spring Data repository scanning in 102 ms. Found 11 JPA repository interfaces.
2026-06-08 17:26:01.305 [main] INFO  o.s.boot.tomcat.TomcatWebServer - Tomcat initialized with port 8080 (http)
2026-06-08 17:26:01.319 [main] INFO  o.a.coyote.http11.Http11NioProtocol - Initializing ProtocolHandler ["http-nio-8080"]
2026-06-08 17:26:01.321 [main] INFO  o.a.catalina.core.StandardService - Starting service [Tomcat]
2026-06-08 17:26:01.322 [main] INFO  o.a.catalina.core.StandardEngine - Starting Servlet engine: [Apache Tomcat/11.0.15]
2026-06-08 17:26:01.389 [main] INFO  o.s.b.w.c.s.WebApplicationContextInitializer - Root WebApplicationContext: initialization completed in 1702 ms
2026-06-08 17:26:01.613 [main] INFO  org.hibernate.orm.jpa - HHH008540: Processing PersistenceUnitInfo [name: default]
2026-06-08 17:26:01.689 [main] INFO  org.hibernate.orm.core - HHH000001: Hibernate ORM core version 7.2.1.Final
2026-06-08 17:26:02.213 [main] INFO  o.s.o.j.p.SpringPersistenceUnitInfo - No LoadTimeWeaver setup: ignoring JPA class transformer
2026-06-08 17:26:02.252 [main] INFO  com.zaxxer.hikari.HikariDataSource - HikariPool-1 - Starting...
2026-06-08 17:26:02.344 [main] INFO  com.zaxxer.hikari.pool.HikariPool - HikariPool-1 - Added connection org.mariadb.jdbc.Connection@77cc6a28
2026-06-08 17:26:02.346 [main] INFO  com.zaxxer.hikari.HikariDataSource - HikariPool-1 - Start completed.
2026-06-08 17:26:02.400 [main] INFO  o.hibernate.orm.connections.pooling - HHH10001005: Database info:
	Database JDBC URL [jdbc:mariadb://localhost/exchange?user=perudeim&password=***]
	Database driver: MariaDB Connector/J
	Database dialect: MariaDBDialect
	Database version: 11.7.2
	Default catalog/schema: exchange/undefined
	Autocommit mode: undefined/unknown
	Isolation level: REPEATABLE_READ [default REPEATABLE_READ]
	JDBC fetch size: none
	Pool: DataSourceConnectionProvider
	Minimum pool size: undefined/unknown
	Maximum pool size: undefined/unknown
2026-06-08 17:26:03.445 [main] INFO  org.hibernate.orm.core - HHH000489: No JTA platform available (set 'hibernate.transaction.jta.platform' to enable JTA platform integration)
2026-06-08 17:26:03.449 [main] INFO  org.hibernate.orm.jdbc.batch - HHH100501: Automatic JDBC statement batching enabled (maximum batch size 1000)
2026-06-08 17:26:03.701 [main] INFO  o.s.o.j.LocalContainerEntityManagerFactoryBean - Initialized JPA EntityManagerFactory for persistence unit 'default'
2026-06-08 17:26:03.783 [main] INFO  o.s.d.j.r.q.QueryEnhancerFactories - Hibernate is in classpath; If applicable, HQL parser will be used.
2026-06-08 17:26:04.651 [main] INFO  c.m.e.scheduler.RateHistoryScheduler - 서버 시작 시 최근 환율 데이터 저장 시작
2026-06-08 17:26:05.506 [main] INFO  c.m.e.s.RateHistoryImportService - 환율 데이터 수집 완료. currencyCode=USD, days=7
2026-06-08 17:26:05.665 [main] INFO  c.m.e.s.RateHistoryImportService - 환율 데이터 수집 완료. currencyCode=JPY, days=7
2026-06-08 17:26:05.983 [main] INFO  c.m.e.s.RateHistoryImportService - 환율 데이터 수집 완료. currencyCode=EUR, days=7
2026-06-08 17:26:06.153 [main] INFO  c.m.e.s.RateHistoryImportService - 환율 데이터 수집 완료. currencyCode=CNY, days=7
2026-06-08 17:26:06.307 [main] INFO  c.m.e.s.RateHistoryImportService - 환율 데이터 수집 완료. currencyCode=GBP, days=7
2026-06-08 17:26:06.463 [main] INFO  c.m.e.s.RateHistoryImportService - 환율 데이터 수집 완료. currencyCode=AUD, days=7
2026-06-08 17:26:06.630 [main] INFO  c.m.e.s.RateHistoryImportService - 환율 데이터 수집 완료. currencyCode=CAD, days=7
2026-06-08 17:26:06.752 [main] INFO  c.m.e.s.RateHistoryImportService - 환율 데이터 수집 완료. currencyCode=CHF, days=7
2026-06-08 17:26:06.878 [main] INFO  c.m.e.s.RateHistoryImportService - 환율 데이터 수집 완료. currencyCode=HKD, days=7
2026-06-08 17:26:07.001 [main] INFO  c.m.e.s.RateHistoryImportService - 환율 데이터 수집 완료. currencyCode=SGD, days=7
2026-06-08 17:26:07.128 [main] INFO  c.m.e.s.RateHistoryImportService - 환율 데이터 수집 완료. currencyCode=THB, days=7
2026-06-08 17:26:07.256 [main] INFO  c.m.e.s.RateHistoryImportService - 환율 데이터 수집 완료. currencyCode=MYR, days=7
2026-06-08 17:26:07.391 [main] INFO  c.m.e.s.RateHistoryImportService - 환율 데이터 수집 완료. currencyCode=IDR, days=7
2026-06-08 17:26:07.540 [main] INFO  c.m.e.s.RateHistoryImportService - 환율 데이터 수집 완료. currencyCode=PHP, days=7
2026-06-08 17:26:07.692 [main] INFO  c.m.e.s.RateHistoryImportService - 환율 데이터 수집 완료. currencyCode=VND, days=7
2026-06-08 17:26:07.829 [main] INFO  c.m.e.s.RateHistoryImportService - 환율 데이터 수집 완료. currencyCode=TWD, days=7
2026-06-08 17:26:07.969 [main] INFO  c.m.e.s.RateHistoryImportService - 환율 데이터 수집 완료. currencyCode=NZD, days=7
2026-06-08 17:26:08.101 [main] INFO  c.m.e.s.RateHistoryImportService - 환율 데이터 수집 완료. currencyCode=SEK, days=7
2026-06-08 17:26:08.220 [main] INFO  c.m.e.s.RateHistoryImportService - 환율 데이터 수집 완료. currencyCode=NOK, days=7
2026-06-08 17:26:08.351 [main] INFO  c.m.e.s.RateHistoryImportService - 환율 데이터 수집 완료. currencyCode=DKK, days=7
2026-06-08 17:26:08.503 [main] INFO  c.m.e.s.RateHistoryImportService - 환율 데이터 수집 완료. currencyCode=AED, days=7
2026-06-08 17:26:08.633 [main] INFO  c.m.e.s.RateHistoryImportService - 환율 데이터 수집 완료. currencyCode=SAR, days=7
2026-06-08 17:26:08.761 [main] INFO  c.m.e.s.RateHistoryImportService - 환율 데이터 수집 완료. currencyCode=KWD, days=7
2026-06-08 17:26:08.883 [main] INFO  c.m.e.s.RateHistoryImportService - 환율 데이터 수집 완료. currencyCode=BHD, days=7
2026-06-08 17:26:08.883 [main] INFO  c.m.e.s.RateHistoryImportService - 최근 환율 데이터 수집 종료. days=7
2026-06-08 17:26:08.887 [main] INFO  c.m.e.scheduler.RateHistoryScheduler - 서버 시작 시 최근 환율 데이터 저장 완료
2026-06-08 17:26:09.513 [main] WARN  o.s.b.j.a.JpaBaseConfiguration$JpaWebConfiguration - spring.jpa.open-in-view is enabled by default. Therefore, database queries may be performed during view rendering. Explicitly configure spring.jpa.open-in-view to disable this warning
2026-06-08 17:26:10.001 [main] INFO  o.a.coyote.http11.Http11NioProtocol - Starting ProtocolHandler ["http-nio-8080"]
2026-06-08 17:26:10.035 [main] INFO  o.s.boot.tomcat.TomcatWebServer - Tomcat started on port 8080 (http) with context path '/'
2026-06-08 17:26:10.050 [main] INFO  com.money.ExchangeApplication - Started ExchangeApplication in 11.121 seconds (process running for 11.56)
2026-06-08 17:26:12.551 [http-nio-8080-exec-1] INFO  o.a.c.c.C.[Tomcat].[localhost].[/] - Initializing Spring DispatcherServlet 'dispatcherServlet'
2026-06-08 17:26:12.551 [http-nio-8080-exec-1] INFO  o.s.web.servlet.DispatcherServlet - Initializing Servlet 'dispatcherServlet'
2026-06-08 17:26:12.555 [http-nio-8080-exec-1] INFO  o.s.web.servlet.DispatcherServlet - Completed initialization in 2 ms
